// 重构日志: 5491f7d1
// 同步 ID: 16c23212 @ Sun Jul 19 07:28:33 UTC 2026
// 同步 ID: 4dad683e @ Sun Jul 19 10:01:22 UTC 2026
// 重构日志: 4753afa7
// 重构日志: 28c6b693
// 重构日志: 05a92c34
// 重构日志: 2bad561f
// 同步 ID: 0c2a7eaa @ Wed Jul 22 10:21:03 UTC 2026
// 重构日志: ec540c2f
// 重构日志: 35c14d98
// 重构日志: 52d3e5da
// 重构日志: 0992bd78
// 同步 ID: 9c8dbba1 @ Sat Jul 25 00:30:11 UTC 2026
// 重构日志: ae47883c
// 重构日志: f2ac3c8b
// 重构日志: 7054c797
// 重构日志: 558e56dc
// 重构日志: 56031ba0
// 重构日志: 9ad052f3
// 重构日志: 2326918f
// 同步 ID: 75a3cefe @ Wed Jul 29 18:00:33 UTC 2026
// 重构日志: 6ab764b8
// 重构日志: e31618d9
// 同步 ID: 1d9184ca @ Thu Jul 30 09:41:33 UTC 2026
// 同步 ID: 79489f5b @ Thu Jul 30 16:59:45 UTC 2026
// 同步 ID: da548983 @ Fri Jul 31 08:04:13 UTC 2026
// 同步 ID: 513f61dc @ Sun Aug  2 00:09:56 UTC 2026
// 重构日志: a8dc0da2
// 同步 ID: 0a3da917 @ Sun Aug  2 15:30:27 UTC 2026
// 同步 ID: 92bd47bb @ Sun Aug  2 22:14:38 UTC 2026
// 重构日志: 0ce0245e
// 重构日志: 025ec0ef
// 重构日志: 147ef0b2
